
*****ERROR: Unrecognized parameter: plugins/BED2BAM/mouse.mm9.genome *****


*****
*****ERROR: Need -g (genome) file. 
*****

Program: bedToBam (v2.11.1)
Author:  Aaron Quinlan (aaronquinlan@gmail.com)
Summary: Converts feature records to BAM format.

Usage:   bedToBam [OPTIONS] -i <bed/gff/vcf> -g <genome>

Options: 
	-mapq	Set the mappinq quality for the BAM records.
		(INT) Default: 255

	-bed12	The BED file is in BED12 format.  The BAM CIGAR
		string will reflect BED "blocks".

	-ubam	Write uncompressed BAM output. Default is to write compressed BAM.

Notes: 
	(1)  BED files must be at least BED4 to be amenable to BAM (needs name field).

